// Jest Snapshot v1, https://goo.gl/fbAQLP

exports[`test app is running it run app with routes 1`] = `"hello world!"`;
